=== C++ correct memory demo + Valgrind ===
==991== Memcheck, a memory error detector
==991== Copyright (C) 2002-2022, and GNU GPL'd, by Julian Seward et al.
==991== Using Valgrind-3.22.0 and LibVEX; rerun with -h for copyright info
==991== Command: ./part2_memory/cpp/manual_memory_correct
==991== 
Sum: 35
Memory freed manually with delete[].
==991== 
==991== HEAP SUMMARY:
==991==     in use at exit: 0 bytes in 0 blocks
==991==   total heap usage: 3 allocs, 3 frees, 77,844 bytes allocated
==991== 
==991== All heap blocks were freed -- no leaks are possible
==991== 
==991== For lists of detected and suppressed errors, rerun with: -s
==991== ERROR SUMMARY: 0 errors from 0 contexts (suppressed: 0 from 0)

=== C++ buggy memory demo + Valgrind (leak + use-after-free) ===
==992== Memcheck, a memory error detector
==992== Copyright (C) 2002-2022, and GNU GPL'd, by Julian Seward et al.
==992== Using Valgrind-3.22.0 and LibVEX; rerun with -h for copyright info
==992== Command: ./part2_memory/cpp/manual_memory_bugs
==992== 
Allocated 'leaked' array, never freed: 1
==992== Invalid read of size 4
==992==    at 0x1092FB: main (manual_memory_bugs.cpp:19)
==992==  Address 0x4e27120 is 0 bytes inside a block of size 20 free'd
==992==    at 0x484BFA4: operator delete[](void*) (in /usr/libexec/valgrind/vgpreload_memcheck-amd64-linux.so)
==992==    by 0x1092DA: main (manual_memory_bugs.cpp:18)
==992==  Block was alloc'd at
==992==    at 0x48485C3: operator new[](unsigned long) (in /usr/libexec/valgrind/vgpreload_memcheck-amd64-linux.so)
==992==    by 0x10921A: allocateArray(int, int) (manual_memory_bugs.cpp:6)
==992==    by 0x1092C3: main (manual_memory_bugs.cpp:17)
==992== 
Use-after-free (undefined behavior): 2
==992== 
==992== HEAP SUMMARY:
==992==     in use at exit: 20 bytes in 1 blocks
==992==   total heap usage: 4 allocs, 3 frees, 77,864 bytes allocated
==992== 
==992== 20 bytes in 1 blocks are definitely lost in loss record 1 of 1
==992==    at 0x48485C3: operator new[](unsigned long) (in /usr/libexec/valgrind/vgpreload_memcheck-amd64-linux.so)
==992==    by 0x10921A: allocateArray(int, int) (manual_memory_bugs.cpp:6)
==992==    by 0x109272: main (manual_memory_bugs.cpp:13)
==992== 
==992== LEAK SUMMARY:
==992==    definitely lost: 20 bytes in 1 blocks
==992==    indirectly lost: 0 bytes in 0 blocks
==992==      possibly lost: 0 bytes in 0 blocks
==992==    still reachable: 0 bytes in 0 blocks
==992==         suppressed: 0 bytes in 0 blocks
==992== 
==992== For lists of detected and suppressed errors, rerun with: -s
==992== ERROR SUMMARY: 2 errors from 2 contexts (suppressed: 0 from 0)
